// Jest Snapshot v1, https://goo.gl/fbAQLP

exports[`About renders correctly 1`] = `
<View
  style={
    Object {
      "alignItems": "center",
      "backgroundColor": "#f8f9d4",
      "flex": 1,
      "justifyContent": "center",
    }
  }
>
  <View
    style={
      Object {
        "alignItems": "center",
        "backgroundColor": "#c7524a",
        "flex": 1,
        "fontSize": 24,
        "fontWeight": "bold",
        "height": 60,
        "justifyContent": "center",
        "maxHeight": 60,
        "position": "absolute",
        "top": 10,
        "width": "100%",
      }
    }
  >
    <Text
      style={
        Object {
          "alignItems": "center",
          "fontFamily": "Didot",
          "fontSize": 25,
          "fontWeight": "bold",
          "justifyContent": "center",
        }
      }
    >
      H-Appy
    </Text>
  </View>
  <Text>
    This is the About page
  </Text>
  <View
    accessibilityRole="button"
    accessibilityState={Object {}}
    accessible={true}
    focusable={true}
    onClick={[Function]}
    onResponderGrant={[Function]}
    onResponderMove={[Function]}
    onResponderRelease={[Function]}
    onResponderTerminate={[Function]}
    onResponderTerminationRequest={[Function]}
    onStartShouldSetResponder={[Function]}
    style={
      Object {
        "opacity": 1,
      }
    }
  >
    <View
      style={
        Array [
          Object {},
        ]
      }
    >
      <Text
        style={
          Array [
            Object {
              "color": "#007AFF",
              "fontSize": 18,
              "margin": 8,
              "textAlign": "center",
            },
          ]
        }
      >
        Back to the Main Menu
      </Text>
    </View>
  </View>
</View>
`;
